// Vitest Snapshot v1, https://vitest.dev/guide/snapshot.html

exports[`CartItem > CartItem should show all data for given product 1`] = `
<div>
  <div
    class="flex flex-col"
    data-testid="product-1"
  >
    <div
      class="flex-1 flex rounded-md overflow-hidden bg-white dark:bg-gray-900 shadow-[rgba(17,_17,_26,_0.1)_0px_0px_16px] border border-gray-200 dark:border-gray-800"
    >
      <img
        alt="Product Image"
        class="rounded-l-md"
        data-nimg="1"
        data-testid="product-1-img"
        decoding="async"
        fetchpriority="high"
        height="80"
        src="/_next/image?url=%2Flogo.png&w=128&q=75"
        srcset="/_next/image?url=%2Flogo.png&w=64&q=75 1x, /_next/image?url=%2Flogo.png&w=128&q=75 2x"
        style="color: transparent; object-fit: cover; object-position: 50% 20%;"
        width="50"
      />
      <div
        class="info flex-1 px-2 py-1 flex flex-col"
      >
        <h2
          aria-label="Product 1"
          class="text-sm font-semibold mb-1 line-clamp-1"
          title="Product 1"
        >
          Product 1
        </h2>
        <div
          class="flex justify-between items-center gap-3 mb-1"
        >
          <div
            class="flex items-center gap-3"
          >
            <div
              class="rounded-md bg-white shadow-[0_8px_30px_rgb(0,0,0,0.12)] dark:border dark:border-gray-700 w-4 h-4"
              data-testid="product-1-color"
              style="background-color: rgb(0, 0, 0);"
            >
              <span
                class="sr-only color-value"
              >
                Black
              </span>
            </div>
            <p
              class="text-sm text-gray-500 font-medium font-mono"
            >
              Â£
              <span
                data-testid="product-1-price"
              >
                10.00
              </span>
            </p>
          </div>
          <button
            class="px-1 text-sm text-gray-600 disabled:text-gray-400 disabled:cursor-not-allowed disabled:hover:no-underline hover:underline focus:underline underline-offset-4 decoration-2"
            data-testid="product-1-clear"
          >
            <span>
              Remove
            </span>
          </button>
        </div>
        <div
          class="w-full border border-gray-200 dark:border-gray-800 px-2 rounded-md sm:max-w-xs flex justify-around items-center"
        >
          <button
            aria-label="Remove One Item"
            class="text-gray-900 dark:text-gray-200 hover:bg-gray-100 dark:hover:bg-gray-700 focus:outline-none focus:ring-4 focus:ring-gray-200 dark:focus:ring-gray-700 rounded-md text-sm p-1 inline-flex items-center justify-center w-5 h-5"
            data-testid="product-1-remove"
          >
            <svg
              class="w-4 h-4"
              fill="currentColor"
              height="1em"
              stroke="currentColor"
              stroke-width="0"
              viewBox="0 0 448 512"
              width="1em"
              xmlns="http://www.w3.org/2000/svg"
            >
              <path
                d="M416 208H32c-17.67 0-32 14.33-32 32v32c0 17.67 14.33 32 32 32h384c17.67 0 32-14.33 32-32v-32c0-17.67-14.33-32-32-32z"
              />
            </svg>
          </button>
          <span
            class="text-md text-gray-500 px-5 min-w-16 rounded-md text-center"
            data-testid="product-1-count"
          >
            10
          </span>
          <button
            aria-label="Add One Item"
            class="text-gray-900 dark:text-gray-200 hover:bg-gray-100 dark:hover:bg-gray-700 focus:outline-none focus:ring-4 focus:ring-gray-200 dark:focus:ring-gray-700 rounded-md text-sm p-1 inline-flex items-center justify-center w-5 h-5"
            data-testid="product-1-add"
          >
            <svg
              class="w-4 h-4"
              fill="currentColor"
              height="1em"
              stroke="currentColor"
              stroke-width="0"
              viewBox="0 0 448 512"
              width="1em"
              xmlns="http://www.w3.org/2000/svg"
            >
              <path
                d="M416 208H272V64c0-17.67-14.33-32-32-32h-32c-17.67 0-32 14.33-32 32v144H32c-17.67 0-32 14.33-32 32v32c0 17.67 14.33 32 32 32h144v144c0 17.67 14.33 32 32 32h32c17.67 0 32-14.33 32-32V304h144c17.67 0 32-14.33 32-32v-32c0-17.67-14.33-32-32-32z"
              />
            </svg>
          </button>
        </div>
      </div>
    </div>
  </div>
</div>
`;
