// Vitest Snapshot v1, https://vitest.dev/guide/snapshot.html

exports[`ProductItem > ProductItem should show all data for given product 1`] = `
<div>
  <div
    data-testid="product-1"
  >
    <div
      class="flex flex-col sm:flex-row rounded-md overflow-hidden bg-white p-2 shadow-[0_8px_30px_rgb(0,0,0,0.12)]"
    >
      <div
        class="img relative w-full h-[380px] sm:w-[150px] sm:h-[220px]"
      >
        <img
          alt="Product Image"
          class="rounded-md"
          data-nimg="fill"
          data-testid="product-1-img"
          decoding="async"
          fetchpriority="high"
          sizes="100vw"
          src="/_next/image?url=%2Flogo.png&w=3840&q=75"
          srcset="/_next/image?url=%2Flogo.png&w=640&q=75 640w, /_next/image?url=%2Flogo.png&w=750&q=75 750w, /_next/image?url=%2Flogo.png&w=828&q=75 828w, /_next/image?url=%2Flogo.png&w=1080&q=75 1080w, /_next/image?url=%2Flogo.png&w=1200&q=75 1200w, /_next/image?url=%2Flogo.png&w=1920&q=75 1920w, /_next/image?url=%2Flogo.png&w=2048&q=75 2048w, /_next/image?url=%2Flogo.png&w=3840&q=75 3840w"
          style="position: absolute; height: 100%; width: 100%; left: 0px; top: 0px; right: 0px; bottom: 0px; object-fit: cover; object-position: 50% 30%; color: transparent;"
        />
      </div>
      <div
        class="info flex-1 px-2 sm:px-4 py-2 flex flex-col"
      >
        <div
          class="flex justify-between"
        >
          <h2
            class="text-xl font-semibold"
          >
            Product 1
          </h2>
        </div>
        <div
          class="flex-1 flex flex-col items-center sm:items-end justify-end gap-3"
        >
          <div
            class="flex justify-between items-center w-full sm:max-w-xs mt-6"
          >
            <div
              class="flex items-center space-x-3"
            >
              <p
                class="text-lg font-medium"
              >
                Color:
              </p>
              <div
                class="w-6 h-6 rounded-md bg-white shadow-[0_8px_30px_rgb(0,0,0,0.12)]"
                data-testid="product-1-color"
                style="background-color: rgb(0, 0, 0);"
              >
                <span
                  class="sr-only color-value"
                >
                  Black
                </span>
              </div>
            </div>
            <div
              class="flex items-center space-x-3"
            >
              <p
                class="text-lg font-medium"
              >
                Price:
              </p>
              <p
                class="text-xl font-medium"
              >
                Â£
                <span
                  data-testid="product-1-price"
                >
                  10.00
                </span>
              </p>
            </div>
          </div>
          <div
            class="w-full border border-gray-200 px-2 py-1 rounded-md sm:max-w-xs flex justify-around items-center"
          >
            <button
              aria-label="Remove One Item"
              class="w-8 h-8 rounded-md flex items-center justify-center cursor-pointer disabled:cursor-not-allowed text-lg hover:bg-gray-100 hover:border hover:border-gray-300 text-lg icon-btn"
              data-testid="product-1-remove"
            >
              <svg
                fill="currentColor"
                height="1em"
                stroke="currentColor"
                stroke-width="0"
                viewBox="0 0 448 512"
                width="1em"
                xmlns="http://www.w3.org/2000/svg"
              >
                <path
                  d="M416 208H32c-17.67 0-32 14.33-32 32v32c0 17.67 14.33 32 32 32h384c17.67 0 32-14.33 32-32v-32c0-17.67-14.33-32-32-32z"
                />
              </svg>
            </button>
            <span
              class="text-lg px-5  border rounded-md text-center"
              data-testid="product-1-count"
            >
              10
            </span>
            <button
              aria-label="Add One Item"
              class="w-8 h-8 rounded-md flex items-center justify-center cursor-pointer disabled:cursor-not-allowed text-lg hover:bg-gray-100 hover:border hover:border-gray-300 text-lg icon-btn"
              data-testid="product-1-add"
            >
              <svg
                fill="currentColor"
                height="1em"
                stroke="currentColor"
                stroke-width="0"
                viewBox="0 0 448 512"
                width="1em"
                xmlns="http://www.w3.org/2000/svg"
              >
                <path
                  d="M416 208H272V64c0-17.67-14.33-32-32-32h-32c-17.67 0-32 14.33-32 32v144H32c-17.67 0-32 14.33-32 32v32c0 17.67 14.33 32 32 32h144v144c0 17.67 14.33 32 32 32h32c17.67 0 32-14.33 32-32V304h144c17.67 0 32-14.33 32-32v-32c0-17.67-14.33-32-32-32z"
                />
              </svg>
            </button>
          </div>
          <button
            class="w-full sm:max-w-xs text-white bg-gray-800 hover:bg-gray-900 focus:outline-none focus:ring-2 focus:ring-gray-300 font-medium rounded-md text-sm px-5 py-2.5 disabled:bg-gray-400 disabled:cursor-not-allowed dark:bg-gray-800 dark:hover:bg-gray-700 dark:focus:ring-gray-700 dark:border-gray-700"
            data-testid="product-1-clear"
          >
            Remove all Items
          </button>
        </div>
      </div>
    </div>
  </div>
</div>
`;
