// Vitest Snapshot v1, https://vitest.dev/guide/snapshot.html

exports[`Products > Products should get data form store and show all products 1`] = `
<div>
  <div
    class="flex flex-col md:flex-row md:items-center md:justify-between gap-4"
  >
    <h1
      class="text-3xl font-medium "
    >
      Products
    </h1>
    <div
      class="w-full sm:max-w-xs css-b62m3t-container"
      id="color-filter"
    >
      <span
        class="css-1f43avz-a11yText-A11yText"
        id="react-select-color-filter-live-region"
      />
      <span
        aria-atomic="false"
        aria-live="polite"
        aria-relevant="additions text"
        class="css-1f43avz-a11yText-A11yText"
        role="log"
      />
      <div
        class="!rounded-md bg-white dark:bg-gray-800 !border-gray-300 dark:!border-gray-600 rs__control css-13cymwt-control"
      >
        <div
          class="rs__value-container css-1fdsijx-ValueContainer"
        >
          <div
            class="text-gray-300 dark:text-gray-500 rs__placeholder css-1jqq78o-placeholder"
            id="react-select-color-filter-placeholder"
          >
            Select Color
          </div>
          <div
            class="rs__input-container css-qbdosj-Input"
            data-value=""
          >
            <input
              aria-activedescendant=""
              aria-autocomplete="list"
              aria-describedby="react-select-color-filter-placeholder"
              aria-expanded="false"
              aria-haspopup="true"
              aria-label="Filter Color"
              autocapitalize="none"
              autocomplete="off"
              autocorrect="off"
              class="rs__input"
              id="react-select-color-filter-input"
              role="combobox"
              spellcheck="false"
              style="opacity: 1; width: 100%; grid-area: 1 / 2; min-width: 2px; border: 0px; margin: 0px; outline: 0; padding: 0px;"
              tabindex="0"
              type="text"
              value=""
            />
          </div>
        </div>
        <div
          class="rs__indicators css-1hb7zxy-IndicatorsContainer"
        >
          <span
            class="rs__indicator-separator css-1u9des2-indicatorSeparator"
          />
          <div
            aria-hidden="true"
            class="rs__indicator rs__dropdown-indicator css-1xc3v61-indicatorContainer"
          >
            <svg
              aria-hidden="true"
              class="css-tj5bde-Svg"
              focusable="false"
              height="20"
              viewBox="0 0 20 20"
              width="20"
            >
              <path
                d="M4.516 7.548c0.436-0.446 1.043-0.481 1.576 0l3.908 3.747 3.908-3.747c0.533-0.481 1.141-0.446 1.574 0 0.436 0.445 0.408 1.197 0 1.615-0.406 0.418-4.695 4.502-4.695 4.502-0.217 0.223-0.502 0.335-0.787 0.335s-0.57-0.112-0.789-0.335c0 0-4.287-4.084-4.695-4.502s-0.436-1.17 0-1.615z"
              />
            </svg>
          </div>
        </div>
      </div>
    </div>
  </div>
  <div
    class="flex gap-4 items-stretch divide-x py-4 lg:py-6"
  >
    <div
      class="flex-1 flex flex-col lg:flex-row gap-4"
    >
      <div
        class="grid grid-cols-1 sm:grid-cols-2 md:grid-cols-3 lg:grid-cols-4 gap-4 flex-1"
        data-testid="products-list"
      >
        <div
          class="flex flex-col"
          data-testid="product-1"
        >
          <div
            class="flex-1 flex flex-col rounded-md overflow-hidden bg-white dark:bg-gray-900 shadow-[rgba(17,_17,_26,_0.1)_0px_0px_16px]"
          >
            <div
              class="img relative w-full h-96 sm:h-80"
            >
              <img
                alt="Product Image"
                class="rounded-t-md"
                data-nimg="fill"
                data-testid="product-1-img"
                decoding="async"
                fetchpriority="high"
                sizes="100vw"
                src="/_next/image?url=http%3A%2F%2Fcdn-img.prettylittlething.com%2F9%2F0%2Fa%2Fa%2F90aa90903a135ee59594f47c7685aa7ef3046e44_cly8063_1.jpg%3Fimwidth%3D1024&w=3840&q=75"
                srcset="/_next/image?url=http%3A%2F%2Fcdn-img.prettylittlething.com%2F9%2F0%2Fa%2Fa%2F90aa90903a135ee59594f47c7685aa7ef3046e44_cly8063_1.jpg%3Fimwidth%3D1024&w=640&q=75 640w, /_next/image?url=http%3A%2F%2Fcdn-img.prettylittlething.com%2F9%2F0%2Fa%2Fa%2F90aa90903a135ee59594f47c7685aa7ef3046e44_cly8063_1.jpg%3Fimwidth%3D1024&w=750&q=75 750w, /_next/image?url=http%3A%2F%2Fcdn-img.prettylittlething.com%2F9%2F0%2Fa%2Fa%2F90aa90903a135ee59594f47c7685aa7ef3046e44_cly8063_1.jpg%3Fimwidth%3D1024&w=828&q=75 828w, /_next/image?url=http%3A%2F%2Fcdn-img.prettylittlething.com%2F9%2F0%2Fa%2Fa%2F90aa90903a135ee59594f47c7685aa7ef3046e44_cly8063_1.jpg%3Fimwidth%3D1024&w=1080&q=75 1080w, /_next/image?url=http%3A%2F%2Fcdn-img.prettylittlething.com%2F9%2F0%2Fa%2Fa%2F90aa90903a135ee59594f47c7685aa7ef3046e44_cly8063_1.jpg%3Fimwidth%3D1024&w=1200&q=75 1200w, /_next/image?url=http%3A%2F%2Fcdn-img.prettylittlething.com%2F9%2F0%2Fa%2Fa%2F90aa90903a135ee59594f47c7685aa7ef3046e44_cly8063_1.jpg%3Fimwidth%3D1024&w=1920&q=75 1920w, /_next/image?url=http%3A%2F%2Fcdn-img.prettylittlething.com%2F9%2F0%2Fa%2Fa%2F90aa90903a135ee59594f47c7685aa7ef3046e44_cly8063_1.jpg%3Fimwidth%3D1024&w=2048&q=75 2048w, /_next/image?url=http%3A%2F%2Fcdn-img.prettylittlething.com%2F9%2F0%2Fa%2Fa%2F90aa90903a135ee59594f47c7685aa7ef3046e44_cly8063_1.jpg%3Fimwidth%3D1024&w=3840&q=75 3840w"
                style="position: absolute; height: 100%; width: 100%; left: 0px; top: 0px; right: 0px; bottom: 0px; object-fit: cover; object-position: 50% 20%; color: transparent;"
              />
            </div>
            <div
              class="info flex-1 p-3 flex flex-col"
            >
              <h2
                aria-label="Black Sheet Strappy Textured Glitter Bodycon Dress"
                class="text-xl font-semibold mb-3 line-clamp-2"
                title="Black Sheet Strappy Textured Glitter Bodycon Dress"
              >
                Black Sheet Strappy Textured Glitter Bodycon Dress
              </h2>
              <div
                class="flex justify-between items-center gap-3 mb-3"
              >
                <div
                  class="flex gap-3"
                >
                  <div
                    class="rounded-md bg-white shadow-[0_8px_30px_rgb(0,0,0,0.12)] dark:border dark:border-gray-700 w-6 h-6"
                    data-testid="product-1-color"
                    style="background-color: rgb(0, 0, 0);"
                  >
                    <span
                      class="sr-only color-value"
                    >
                      Black
                    </span>
                  </div>
                  <p
                    class="text-xl text-gray-500 font-medium font-mono"
                  >
                    Â£
                    <span
                      data-testid="product-1-price"
                    >
                      10.00
                    </span>
                  </p>
                </div>
                <button
                  class="px-3 text-gray-600 disabled:text-gray-400 disabled:cursor-not-allowed disabled:hover:no-underline hover:underline focus:underline underline-offset-4 decoration-2"
                  data-testid="product-1-clear"
                  disabled=""
                >
                  <span>
                    Remove
                  </span>
                </button>
              </div>
              <div
                class="w-full border border-gray-200 dark:border-gray-800 px-2 py-1 rounded-md sm:max-w-xs flex justify-around items-center"
              >
                <button
                  aria-label="Remove One Item"
                  class="text-gray-900 dark:text-gray-200 hover:bg-gray-100 dark:hover:bg-gray-700 focus:outline-none focus:ring-4 focus:ring-gray-200 dark:focus:ring-gray-700 rounded-md text-sm p-1 inline-flex items-center justify-center text-lg icon-btn w-6 h-6"
                  data-testid="product-1-remove"
                  disabled=""
                >
                  <svg
                    fill="currentColor"
                    height="1em"
                    stroke="currentColor"
                    stroke-width="0"
                    viewBox="0 0 448 512"
                    width="1em"
                    xmlns="http://www.w3.org/2000/svg"
                  >
                    <path
                      d="M416 208H32c-17.67 0-32 14.33-32 32v32c0 17.67 14.33 32 32 32h384c17.67 0 32-14.33 32-32v-32c0-17.67-14.33-32-32-32z"
                    />
                  </svg>
                </button>
                <span
                  class="text-md text-gray-500 px-5 min-w-16 rounded-md text-center"
                  data-testid="product-1-count"
                >
                  0
                </span>
                <button
                  aria-label="Add One Item"
                  class="text-gray-900 dark:text-gray-200 hover:bg-gray-100 dark:hover:bg-gray-700 focus:outline-none focus:ring-4 focus:ring-gray-200 dark:focus:ring-gray-700 rounded-md text-sm p-1 inline-flex items-center justify-center text-lg icon-btn w-6 h-6"
                  data-testid="product-1-add"
                >
                  <svg
                    fill="currentColor"
                    height="1em"
                    stroke="currentColor"
                    stroke-width="0"
                    viewBox="0 0 448 512"
                    width="1em"
                    xmlns="http://www.w3.org/2000/svg"
                  >
                    <path
                      d="M416 208H272V64c0-17.67-14.33-32-32-32h-32c-17.67 0-32 14.33-32 32v144H32c-17.67 0-32 14.33-32 32v32c0 17.67 14.33 32 32 32h144v144c0 17.67 14.33 32 32 32h32c17.67 0 32-14.33 32-32V304h144c17.67 0 32-14.33 32-32v-32c0-17.67-14.33-32-32-32z"
                    />
                  </svg>
                </button>
              </div>
            </div>
          </div>
        </div>
        <div
          class="flex flex-col"
          data-testid="product-2"
        >
          <div
            class="flex-1 flex flex-col rounded-md overflow-hidden bg-white dark:bg-gray-900 shadow-[rgba(17,_17,_26,_0.1)_0px_0px_16px]"
          >
            <div
              class="img relative w-full h-96 sm:h-80"
            >
              <img
                alt="Product Image"
                class="rounded-t-md"
                data-nimg="fill"
                data-testid="product-2-img"
                decoding="async"
                fetchpriority="high"
                sizes="100vw"
                src="/_next/image?url=https%3A%2F%2Fcdn-img.prettylittlething.com%2F3%2F6%2F5%2Fa%2F365a5d1dce6a2b77b564379b302c9d83afccf33b_cmd2051_1.jpg%3Fimwidth%3D1024&w=3840&q=75"
                srcset="/_next/image?url=https%3A%2F%2Fcdn-img.prettylittlething.com%2F3%2F6%2F5%2Fa%2F365a5d1dce6a2b77b564379b302c9d83afccf33b_cmd2051_1.jpg%3Fimwidth%3D1024&w=640&q=75 640w, /_next/image?url=https%3A%2F%2Fcdn-img.prettylittlething.com%2F3%2F6%2F5%2Fa%2F365a5d1dce6a2b77b564379b302c9d83afccf33b_cmd2051_1.jpg%3Fimwidth%3D1024&w=750&q=75 750w, /_next/image?url=https%3A%2F%2Fcdn-img.prettylittlething.com%2F3%2F6%2F5%2Fa%2F365a5d1dce6a2b77b564379b302c9d83afccf33b_cmd2051_1.jpg%3Fimwidth%3D1024&w=828&q=75 828w, /_next/image?url=https%3A%2F%2Fcdn-img.prettylittlething.com%2F3%2F6%2F5%2Fa%2F365a5d1dce6a2b77b564379b302c9d83afccf33b_cmd2051_1.jpg%3Fimwidth%3D1024&w=1080&q=75 1080w, /_next/image?url=https%3A%2F%2Fcdn-img.prettylittlething.com%2F3%2F6%2F5%2Fa%2F365a5d1dce6a2b77b564379b302c9d83afccf33b_cmd2051_1.jpg%3Fimwidth%3D1024&w=1200&q=75 1200w, /_next/image?url=https%3A%2F%2Fcdn-img.prettylittlething.com%2F3%2F6%2F5%2Fa%2F365a5d1dce6a2b77b564379b302c9d83afccf33b_cmd2051_1.jpg%3Fimwidth%3D1024&w=1920&q=75 1920w, /_next/image?url=https%3A%2F%2Fcdn-img.prettylittlething.com%2F3%2F6%2F5%2Fa%2F365a5d1dce6a2b77b564379b302c9d83afccf33b_cmd2051_1.jpg%3Fimwidth%3D1024&w=2048&q=75 2048w, /_next/image?url=https%3A%2F%2Fcdn-img.prettylittlething.com%2F3%2F6%2F5%2Fa%2F365a5d1dce6a2b77b564379b302c9d83afccf33b_cmd2051_1.jpg%3Fimwidth%3D1024&w=3840&q=75 3840w"
                style="position: absolute; height: 100%; width: 100%; left: 0px; top: 0px; right: 0px; bottom: 0px; object-fit: cover; object-position: 50% 20%; color: transparent;"
              />
            </div>
            <div
              class="info flex-1 p-3 flex flex-col"
            >
              <h2
                aria-label="Stone Ribbed Strappy Cut Out Detail Bodycon Dress"
                class="text-xl font-semibold mb-3 line-clamp-2"
                title="Stone Ribbed Strappy Cut Out Detail Bodycon Dress"
              >
                Stone Ribbed Strappy Cut Out Detail Bodycon Dress
              </h2>
              <div
                class="flex justify-between items-center gap-3 mb-3"
              >
                <div
                  class="flex gap-3"
                >
                  <div
                    class="rounded-md bg-white shadow-[0_8px_30px_rgb(0,0,0,0.12)] dark:border dark:border-gray-700 w-6 h-6"
                    data-testid="product-2-color"
                    style="background-color: rgb(239, 207, 182);"
                  >
                    <span
                      class="sr-only color-value"
                    >
                      Stone
                    </span>
                  </div>
                  <p
                    class="text-xl text-gray-500 font-medium font-mono"
                  >
                    Â£
                    <span
                      data-testid="product-2-price"
                    >
                      4.00
                    </span>
                  </p>
                </div>
                <button
                  class="px-3 text-gray-600 disabled:text-gray-400 disabled:cursor-not-allowed disabled:hover:no-underline hover:underline focus:underline underline-offset-4 decoration-2"
                  data-testid="product-2-clear"
                  disabled=""
                >
                  <span>
                    Remove
                  </span>
                </button>
              </div>
              <div
                class="w-full border border-gray-200 dark:border-gray-800 px-2 py-1 rounded-md sm:max-w-xs flex justify-around items-center"
              >
                <button
                  aria-label="Remove One Item"
                  class="text-gray-900 dark:text-gray-200 hover:bg-gray-100 dark:hover:bg-gray-700 focus:outline-none focus:ring-4 focus:ring-gray-200 dark:focus:ring-gray-700 rounded-md text-sm p-1 inline-flex items-center justify-center text-lg icon-btn w-6 h-6"
                  data-testid="product-2-remove"
                  disabled=""
                >
                  <svg
                    fill="currentColor"
                    height="1em"
                    stroke="currentColor"
                    stroke-width="0"
                    viewBox="0 0 448 512"
                    width="1em"
                    xmlns="http://www.w3.org/2000/svg"
                  >
                    <path
                      d="M416 208H32c-17.67 0-32 14.33-32 32v32c0 17.67 14.33 32 32 32h384c17.67 0 32-14.33 32-32v-32c0-17.67-14.33-32-32-32z"
                    />
                  </svg>
                </button>
                <span
                  class="text-md text-gray-500 px-5 min-w-16 rounded-md text-center"
                  data-testid="product-2-count"
                >
                  0
                </span>
                <button
                  aria-label="Add One Item"
                  class="text-gray-900 dark:text-gray-200 hover:bg-gray-100 dark:hover:bg-gray-700 focus:outline-none focus:ring-4 focus:ring-gray-200 dark:focus:ring-gray-700 rounded-md text-sm p-1 inline-flex items-center justify-center text-lg icon-btn w-6 h-6"
                  data-testid="product-2-add"
                >
                  <svg
                    fill="currentColor"
                    height="1em"
                    stroke="currentColor"
                    stroke-width="0"
                    viewBox="0 0 448 512"
                    width="1em"
                    xmlns="http://www.w3.org/2000/svg"
                  >
                    <path
                      d="M416 208H272V64c0-17.67-14.33-32-32-32h-32c-17.67 0-32 14.33-32 32v144H32c-17.67 0-32 14.33-32 32v32c0 17.67 14.33 32 32 32h144v144c0 17.67 14.33 32 32 32h32c17.67 0 32-14.33 32-32V304h144c17.67 0 32-14.33 32-32v-32c0-17.67-14.33-32-32-32z"
                    />
                  </svg>
                </button>
              </div>
            </div>
          </div>
        </div>
        <div
          class="flex flex-col"
          data-testid="product-3"
        >
          <div
            class="flex-1 flex flex-col rounded-md overflow-hidden bg-white dark:bg-gray-900 shadow-[rgba(17,_17,_26,_0.1)_0px_0px_16px]"
          >
            <div
              class="img relative w-full h-96 sm:h-80"
            >
              <img
                alt="Product Image"
                class="rounded-t-md"
                data-nimg="fill"
                data-testid="product-3-img"
                decoding="async"
                fetchpriority="high"
                sizes="100vw"
                src="/_next/image?url=https%3A%2F%2Fcdn-img.prettylittlething.com%2Fd%2Fc%2F3%2F3%2Fdc337260f9ecefdb99a8c8e98cd73ccb1b79cea5_cmb6804_4.jpg%3Fimwidth%3D1024&w=3840&q=75"
                srcset="/_next/image?url=https%3A%2F%2Fcdn-img.prettylittlething.com%2Fd%2Fc%2F3%2F3%2Fdc337260f9ecefdb99a8c8e98cd73ccb1b79cea5_cmb6804_4.jpg%3Fimwidth%3D1024&w=640&q=75 640w, /_next/image?url=https%3A%2F%2Fcdn-img.prettylittlething.com%2Fd%2Fc%2F3%2F3%2Fdc337260f9ecefdb99a8c8e98cd73ccb1b79cea5_cmb6804_4.jpg%3Fimwidth%3D1024&w=750&q=75 750w, /_next/image?url=https%3A%2F%2Fcdn-img.prettylittlething.com%2Fd%2Fc%2F3%2F3%2Fdc337260f9ecefdb99a8c8e98cd73ccb1b79cea5_cmb6804_4.jpg%3Fimwidth%3D1024&w=828&q=75 828w, /_next/image?url=https%3A%2F%2Fcdn-img.prettylittlething.com%2Fd%2Fc%2F3%2F3%2Fdc337260f9ecefdb99a8c8e98cd73ccb1b79cea5_cmb6804_4.jpg%3Fimwidth%3D1024&w=1080&q=75 1080w, /_next/image?url=https%3A%2F%2Fcdn-img.prettylittlething.com%2Fd%2Fc%2F3%2F3%2Fdc337260f9ecefdb99a8c8e98cd73ccb1b79cea5_cmb6804_4.jpg%3Fimwidth%3D1024&w=1200&q=75 1200w, /_next/image?url=https%3A%2F%2Fcdn-img.prettylittlething.com%2Fd%2Fc%2F3%2F3%2Fdc337260f9ecefdb99a8c8e98cd73ccb1b79cea5_cmb6804_4.jpg%3Fimwidth%3D1024&w=1920&q=75 1920w, /_next/image?url=https%3A%2F%2Fcdn-img.prettylittlething.com%2Fd%2Fc%2F3%2F3%2Fdc337260f9ecefdb99a8c8e98cd73ccb1b79cea5_cmb6804_4.jpg%3Fimwidth%3D1024&w=2048&q=75 2048w, /_next/image?url=https%3A%2F%2Fcdn-img.prettylittlething.com%2Fd%2Fc%2F3%2F3%2Fdc337260f9ecefdb99a8c8e98cd73ccb1b79cea5_cmb6804_4.jpg%3Fimwidth%3D1024&w=3840&q=75 3840w"
                style="position: absolute; height: 100%; width: 100%; left: 0px; top: 0px; right: 0px; bottom: 0px; object-fit: cover; object-position: 50% 20%; color: transparent;"
              />
            </div>
            <div
              class="info flex-1 p-3 flex flex-col"
            >
              <h2
                aria-label="Black Frill Tie Shoulder Bodycon Dress"
                class="text-xl font-semibold mb-3 line-clamp-2"
                title="Black Frill Tie Shoulder Bodycon Dress"
              >
                Black Frill Tie Shoulder Bodycon Dress
              </h2>
              <div
                class="flex justify-between items-center gap-3 mb-3"
              >
                <div
                  class="flex gap-3"
                >
                  <div
                    class="rounded-md bg-white shadow-[0_8px_30px_rgb(0,0,0,0.12)] dark:border dark:border-gray-700 w-6 h-6"
                    data-testid="product-3-color"
                    style="background-color: rgb(0, 0, 0);"
                  >
                    <span
                      class="sr-only color-value"
                    >
                      Black
                    </span>
                  </div>
                  <p
                    class="text-xl text-gray-500 font-medium font-mono"
                  >
                    Â£
                    <span
                      data-testid="product-3-price"
                    >
                      7.99
                    </span>
                  </p>
                </div>
                <button
                  class="px-3 text-gray-600 disabled:text-gray-400 disabled:cursor-not-allowed disabled:hover:no-underline hover:underline focus:underline underline-offset-4 decoration-2"
                  data-testid="product-3-clear"
                  disabled=""
                >
                  <span>
                    Remove
                  </span>
                </button>
              </div>
              <div
                class="w-full border border-gray-200 dark:border-gray-800 px-2 py-1 rounded-md sm:max-w-xs flex justify-around items-center"
              >
                <button
                  aria-label="Remove One Item"
                  class="text-gray-900 dark:text-gray-200 hover:bg-gray-100 dark:hover:bg-gray-700 focus:outline-none focus:ring-4 focus:ring-gray-200 dark:focus:ring-gray-700 rounded-md text-sm p-1 inline-flex items-center justify-center text-lg icon-btn w-6 h-6"
                  data-testid="product-3-remove"
                  disabled=""
                >
                  <svg
                    fill="currentColor"
                    height="1em"
                    stroke="currentColor"
                    stroke-width="0"
                    viewBox="0 0 448 512"
                    width="1em"
                    xmlns="http://www.w3.org/2000/svg"
                  >
                    <path
                      d="M416 208H32c-17.67 0-32 14.33-32 32v32c0 17.67 14.33 32 32 32h384c17.67 0 32-14.33 32-32v-32c0-17.67-14.33-32-32-32z"
                    />
                  </svg>
                </button>
                <span
                  class="text-md text-gray-500 px-5 min-w-16 rounded-md text-center"
                  data-testid="product-3-count"
                >
                  0
                </span>
                <button
                  aria-label="Add One Item"
                  class="text-gray-900 dark:text-gray-200 hover:bg-gray-100 dark:hover:bg-gray-700 focus:outline-none focus:ring-4 focus:ring-gray-200 dark:focus:ring-gray-700 rounded-md text-sm p-1 inline-flex items-center justify-center text-lg icon-btn w-6 h-6"
                  data-testid="product-3-add"
                >
                  <svg
                    fill="currentColor"
                    height="1em"
                    stroke="currentColor"
                    stroke-width="0"
                    viewBox="0 0 448 512"
                    width="1em"
                    xmlns="http://www.w3.org/2000/svg"
                  >
                    <path
                      d="M416 208H272V64c0-17.67-14.33-32-32-32h-32c-17.67 0-32 14.33-32 32v144H32c-17.67 0-32 14.33-32 32v32c0 17.67 14.33 32 32 32h144v144c0 17.67 14.33 32 32 32h32c17.67 0 32-14.33 32-32V304h144c17.67 0 32-14.33 32-32v-32c0-17.67-14.33-32-32-32z"
                    />
                  </svg>
                </button>
              </div>
            </div>
          </div>
        </div>
        <div
          class="flex flex-col"
          data-testid="product-5"
        >
          <div
            class="flex-1 flex flex-col rounded-md overflow-hidden bg-white dark:bg-gray-900 shadow-[rgba(17,_17,_26,_0.1)_0px_0px_16px]"
          >
            <div
              class="img relative w-full h-96 sm:h-80"
            >
              <img
                alt="Product Image"
                class="rounded-t-md"
                data-nimg="fill"
                data-testid="product-5-img"
                decoding="async"
                fetchpriority="high"
                sizes="100vw"
                src="/_next/image?url=https%3A%2F%2Fcdn-img.prettylittlething.com%2Ff%2F7%2F1%2F8%2Ff718a4011ddf92f48aeefff6da0f475178694599_cly0842_1.jpg%3Fimwidth%3D1024&w=3840&q=75"
                srcset="/_next/image?url=https%3A%2F%2Fcdn-img.prettylittlething.com%2Ff%2F7%2F1%2F8%2Ff718a4011ddf92f48aeefff6da0f475178694599_cly0842_1.jpg%3Fimwidth%3D1024&w=640&q=75 640w, /_next/image?url=https%3A%2F%2Fcdn-img.prettylittlething.com%2Ff%2F7%2F1%2F8%2Ff718a4011ddf92f48aeefff6da0f475178694599_cly0842_1.jpg%3Fimwidth%3D1024&w=750&q=75 750w, /_next/image?url=https%3A%2F%2Fcdn-img.prettylittlething.com%2Ff%2F7%2F1%2F8%2Ff718a4011ddf92f48aeefff6da0f475178694599_cly0842_1.jpg%3Fimwidth%3D1024&w=828&q=75 828w, /_next/image?url=https%3A%2F%2Fcdn-img.prettylittlething.com%2Ff%2F7%2F1%2F8%2Ff718a4011ddf92f48aeefff6da0f475178694599_cly0842_1.jpg%3Fimwidth%3D1024&w=1080&q=75 1080w, /_next/image?url=https%3A%2F%2Fcdn-img.prettylittlething.com%2Ff%2F7%2F1%2F8%2Ff718a4011ddf92f48aeefff6da0f475178694599_cly0842_1.jpg%3Fimwidth%3D1024&w=1200&q=75 1200w, /_next/image?url=https%3A%2F%2Fcdn-img.prettylittlething.com%2Ff%2F7%2F1%2F8%2Ff718a4011ddf92f48aeefff6da0f475178694599_cly0842_1.jpg%3Fimwidth%3D1024&w=1920&q=75 1920w, /_next/image?url=https%3A%2F%2Fcdn-img.prettylittlething.com%2Ff%2F7%2F1%2F8%2Ff718a4011ddf92f48aeefff6da0f475178694599_cly0842_1.jpg%3Fimwidth%3D1024&w=2048&q=75 2048w, /_next/image?url=https%3A%2F%2Fcdn-img.prettylittlething.com%2Ff%2F7%2F1%2F8%2Ff718a4011ddf92f48aeefff6da0f475178694599_cly0842_1.jpg%3Fimwidth%3D1024&w=3840&q=75 3840w"
                style="position: absolute; height: 100%; width: 100%; left: 0px; top: 0px; right: 0px; bottom: 0px; object-fit: cover; object-position: 50% 20%; color: transparent;"
              />
            </div>
            <div
              class="info flex-1 p-3 flex flex-col"
            >
              <h2
                aria-label="Red Pin Stripe Belt T Shirt Dress"
                class="text-xl font-semibold mb-3 line-clamp-2"
                title="Red Pin Stripe Belt T Shirt Dress"
              >
                Red Pin Stripe Belt T Shirt Dress
              </h2>
              <div
                class="flex justify-between items-center gap-3 mb-3"
              >
                <div
                  class="flex gap-3"
                >
                  <div
                    class="rounded-md bg-white shadow-[0_8px_30px_rgb(0,0,0,0.12)] dark:border dark:border-gray-700 w-6 h-6"
                    data-testid="product-5-color"
                    style="background-color: rgb(255, 0, 0);"
                  >
                    <span
                      class="sr-only color-value"
                    >
                      Red
                    </span>
                  </div>
                  <p
                    class="text-xl text-gray-500 font-medium font-mono"
                  >
                    Â£
                    <span
                      data-testid="product-5-price"
                    >
                      17.00
                    </span>
                  </p>
                </div>
                <button
                  class="px-3 text-gray-600 disabled:text-gray-400 disabled:cursor-not-allowed disabled:hover:no-underline hover:underline focus:underline underline-offset-4 decoration-2"
                  data-testid="product-5-clear"
                  disabled=""
                >
                  <span>
                    Remove
                  </span>
                </button>
              </div>
              <div
                class="w-full border border-gray-200 dark:border-gray-800 px-2 py-1 rounded-md sm:max-w-xs flex justify-around items-center"
              >
                <button
                  aria-label="Remove One Item"
                  class="text-gray-900 dark:text-gray-200 hover:bg-gray-100 dark:hover:bg-gray-700 focus:outline-none focus:ring-4 focus:ring-gray-200 dark:focus:ring-gray-700 rounded-md text-sm p-1 inline-flex items-center justify-center text-lg icon-btn w-6 h-6"
                  data-testid="product-5-remove"
                  disabled=""
                >
                  <svg
                    fill="currentColor"
                    height="1em"
                    stroke="currentColor"
                    stroke-width="0"
                    viewBox="0 0 448 512"
                    width="1em"
                    xmlns="http://www.w3.org/2000/svg"
                  >
                    <path
                      d="M416 208H32c-17.67 0-32 14.33-32 32v32c0 17.67 14.33 32 32 32h384c17.67 0 32-14.33 32-32v-32c0-17.67-14.33-32-32-32z"
                    />
                  </svg>
                </button>
                <span
                  class="text-md text-gray-500 px-5 min-w-16 rounded-md text-center"
                  data-testid="product-5-count"
                >
                  0
                </span>
                <button
                  aria-label="Add One Item"
                  class="text-gray-900 dark:text-gray-200 hover:bg-gray-100 dark:hover:bg-gray-700 focus:outline-none focus:ring-4 focus:ring-gray-200 dark:focus:ring-gray-700 rounded-md text-sm p-1 inline-flex items-center justify-center text-lg icon-btn w-6 h-6"
                  data-testid="product-5-add"
                >
                  <svg
                    fill="currentColor"
                    height="1em"
                    stroke="currentColor"
                    stroke-width="0"
                    viewBox="0 0 448 512"
                    width="1em"
                    xmlns="http://www.w3.org/2000/svg"
                  >
                    <path
                      d="M416 208H272V64c0-17.67-14.33-32-32-32h-32c-17.67 0-32 14.33-32 32v144H32c-17.67 0-32 14.33-32 32v32c0 17.67 14.33 32 32 32h144v144c0 17.67 14.33 32 32 32h32c17.67 0 32-14.33 32-32V304h144c17.67 0 32-14.33 32-32v-32c0-17.67-14.33-32-32-32z"
                    />
                  </svg>
                </button>
              </div>
            </div>
          </div>
        </div>
      </div>
    </div>
  </div>
</div>
`;
