// Vitest Snapshot v1, https://vitest.dev/guide/snapshot.html

exports[`Cart > Cart should show the total price 1`] = `
<div>
  <div
    class="relative"
    data-headlessui-state="open"
  >
    <div
      aria-controls="headlessui-popover-panel-:r2:"
      aria-expanded="true"
      data-headlessui-state="open"
      id="headlessui-popover-button-:r0:"
    >
      <button
        class="text-gray-900 dark:text-gray-200 hover:bg-gray-100 dark:hover:bg-gray-700 focus:outline-none focus:ring-4 focus:ring-gray-200 dark:focus:ring-gray-700 rounded-md text-sm p-1 inline-flex items-center justify-center w-8 h-8"
        data-testid="cart-button"
      >
        <svg
          class="w-6 h-6 dark:text-gray-200 text-gray-900"
          fill="currentColor"
          height="1em"
          stroke="currentColor"
          stroke-width="0"
          viewBox="0 0 20 20"
          width="1em"
          xmlns="http://www.w3.org/2000/svg"
        >
          <path
            d="M1 1.75A.75.75 0 011.75 1h1.628a1.75 1.75 0 011.734 1.51L5.18 3a65.25 65.25 0 0113.36 1.412.75.75 0 01.58.875 48.645 48.645 0 01-1.618 6.2.75.75 0 01-.712.513H6a2.503 2.503 0 00-2.292 1.5H17.25a.75.75 0 010 1.5H2.76a.75.75 0 01-.748-.807 4.002 4.002 0 012.716-3.486L3.626 2.716a.25.25 0 00-.248-.216H1.75A.75.75 0 011 1.75zM6 17.5a1.5 1.5 0 11-3 0 1.5 1.5 0 013 0zM15.5 19a1.5 1.5 0 100-3 1.5 1.5 0 000 3z"
          />
        </svg>
      </button>
      <span
        class="text-xs bg-red-600 text-white rounded-full w-5 h-5 flex justify-center items-center absolute -top-2 left-6"
        data-testid="cart-count"
      >
        10
      </span>
    </div>
    <div
      class="absolute left-1/2 z-10 mt-3 sm:mt-2 w-[400px] max-w-xs sm:max-w-sm -translate-x-full ml-8 transform px-4 sm:px-0 transition ease-out duration-200 opacity-0 translate-y-1"
      data-headlessui-state="open"
      id="headlessui-popover-panel-:r2:"
      tabindex="-1"
    >
      <div
        class="w-full p-4 rounded-md border border-gray-100 dark:border-gray-800 bg-white dark:bg-gray-900 flex flex-col justify-between gap-2 shadow-[0_8px_30px_rgb(0,0,0,0.12)]"
      >
        <div
          class="flex flex-col gap-2"
        >
          <div
            class="flex flex-col"
            data-testid="product-1"
          >
            <div
              class="flex-1 flex rounded-md overflow-hidden bg-white dark:bg-gray-900 shadow-[rgba(17,_17,_26,_0.1)_0px_0px_16px] border border-gray-200 dark:border-gray-800"
            >
              <img
                alt="Product Image"
                class="rounded-l-md"
                data-nimg="1"
                data-testid="product-1-img"
                decoding="async"
                fetchpriority="high"
                height="80"
                src="/_next/image?url=%2Fproduct-1.jpg&w=128&q=75"
                srcset="/_next/image?url=%2Fproduct-1.jpg&w=64&q=75 1x, /_next/image?url=%2Fproduct-1.jpg&w=128&q=75 2x"
                style="color: transparent; object-fit: cover; object-position: 50% 20%;"
                width="50"
              />
              <div
                class="info flex-1 px-2 py-1 flex flex-col"
              >
                <h2
                  aria-label="Product 1"
                  class="text-sm font-semibold mb-1 line-clamp-1"
                  title="Product 1"
                >
                  Product 1
                </h2>
                <div
                  class="flex justify-between items-center gap-3 mb-1"
                >
                  <div
                    class="flex items-center gap-3"
                  >
                    <div
                      class="rounded-md bg-white shadow-[0_8px_30px_rgb(0,0,0,0.12)] dark:border dark:border-gray-700 w-4 h-4"
                      data-testid="product-1-color"
                      style="background-color: rgb(0, 0, 0);"
                    >
                      <span
                        class="sr-only color-value"
                      >
                        Black
                      </span>
                    </div>
                    <p
                      class="text-sm text-gray-500 font-medium font-mono"
                    >
                      £
                      <span
                        data-testid="product-1-price"
                      >
                        10.00
                      </span>
                    </p>
                  </div>
                  <button
                    class="px-1 text-sm text-gray-600 disabled:text-gray-400 disabled:cursor-not-allowed disabled:hover:no-underline hover:underline focus:underline underline-offset-4 decoration-2"
                    data-testid="product-1-clear"
                  >
                    <span>
                      Remove
                    </span>
                  </button>
                </div>
                <div
                  class="w-full border border-gray-200 dark:border-gray-800 px-2 rounded-md sm:max-w-xs flex justify-around items-center"
                >
                  <button
                    aria-label="Remove One Item"
                    class="text-gray-900 dark:text-gray-200 hover:bg-gray-100 dark:hover:bg-gray-700 focus:outline-none focus:ring-4 focus:ring-gray-200 dark:focus:ring-gray-700 rounded-md text-sm p-1 inline-flex items-center justify-center w-5 h-5"
                    data-testid="product-1-remove"
                  >
                    <svg
                      class="w-4 h-4"
                      fill="currentColor"
                      height="1em"
                      stroke="currentColor"
                      stroke-width="0"
                      viewBox="0 0 448 512"
                      width="1em"
                      xmlns="http://www.w3.org/2000/svg"
                    >
                      <path
                        d="M416 208H32c-17.67 0-32 14.33-32 32v32c0 17.67 14.33 32 32 32h384c17.67 0 32-14.33 32-32v-32c0-17.67-14.33-32-32-32z"
                      />
                    </svg>
                  </button>
                  <span
                    class="text-md text-gray-500 px-5 min-w-16 rounded-md text-center"
                    data-testid="product-1-count"
                  >
                    10
                  </span>
                  <button
                    aria-label="Add One Item"
                    class="text-gray-900 dark:text-gray-200 hover:bg-gray-100 dark:hover:bg-gray-700 focus:outline-none focus:ring-4 focus:ring-gray-200 dark:focus:ring-gray-700 rounded-md text-sm p-1 inline-flex items-center justify-center w-5 h-5"
                    data-testid="product-1-add"
                  >
                    <svg
                      class="w-4 h-4"
                      fill="currentColor"
                      height="1em"
                      stroke="currentColor"
                      stroke-width="0"
                      viewBox="0 0 448 512"
                      width="1em"
                      xmlns="http://www.w3.org/2000/svg"
                    >
                      <path
                        d="M416 208H272V64c0-17.67-14.33-32-32-32h-32c-17.67 0-32 14.33-32 32v144H32c-17.67 0-32 14.33-32 32v32c0 17.67 14.33 32 32 32h144v144c0 17.67 14.33 32 32 32h32c17.67 0 32-14.33 32-32V304h144c17.67 0 32-14.33 32-32v-32c0-17.67-14.33-32-32-32z"
                      />
                    </svg>
                  </button>
                </div>
              </div>
            </div>
          </div>
        </div>
        <div
          class="flex justify-between pt-2 px-1 border-t mt-3 "
        >
          <p
            class="text-lg font-medium"
          >
            Cart Total:
          </p>
          <p
            class="text-2xl font-medium font-mono"
          >
            £
            <span
              data-testid="cart-total"
            >
              100.00
            </span>
          </p>
        </div>
      </div>
    </div>
  </div>
  <div
    style="position: fixed; top: 1px; left: 1px; width: 1px; height: 0px; padding: 0px; margin: -1px; overflow: hidden; clip: rect(0px, 0px, 0px, 0px); white-space: nowrap; border-width: 0px; display: none;"
  />
</div>
`;
